"blank"				"=========================="
"blank"				" Movement"
"blank"				"=========================="
"+forward"				"Move forward"
"+back"					"Move backward"
"+moveleft"				"Move left (strafe)"
"+moveright"			"Move right (strafe)"
"+left"					"Turn left (optional)"
"+right"				"Turn right (optional)"
"+jump"					"Jump"
"+duck"					"Duck"
"+speed"				"Walk"
"+moveup"				"Swim up"
"+movedown"				"Swim down"
"+lookup"				"Look up"
"+lookdown"				"Look down"
"centerview"			"Look straight ahead"
"+strafe"				"Strafe modifier"
"+mlook"				"Mouse look modifier"
"+klook"				"Keyboard look modifier"
"blank"				"=========================="
"blank"				" Weapons and items"
"blank"				"=========================="
"+attack"				"Attack (important)"
"+use"					"Use/build"
"+reload"				"Reload weapon"
"impulse 100"			"Flashlight"
"+showmap"				"Show map"
"+showscores"			"Display multiplayer scores"
"slot1"					"Weapon category 1"
"slot2"					"Weapon category 2"
"slot3" 				"Weapon category 3"
"slot4"					"Weapon category 4"
"slot5"					"Weapon category 5"
"invprev"				"Previous weapon"
"impulse 1"				"Next weapon"
"impulse 3"				"Drop weapon"
"lastinv"				"Last used weapon"
"blank"				"=========================="
"blank"				" Communication"
"blank"				"=========================="
"+popupmenu"			"Pop-up menu (important)"
"+voicerecord"			"Use voice communication"
"impulse 9"				"Taunt"
"messagemode"			"Chat message"
"messagemode2"			"Team message"
"blank"				"=========================="
"blank"				" Marine hotkeys"
"blank"				"=========================="
"impulse 80"			"Request orders"
"impulse 81"			"Acknowledge orders"
"impulse 10"			"Need health"
"impulse 11"			"Need ammo"
"blank"				"=========================="
"blank"				" Commander hotkeys"
"blank"				"=========================="
"impulse 105"			"Select all soldiers"
"impulse 123"			"Go to order request"
"impulse 124"			"Go to ammo request"
"impulse 125"			"Go to health request"
"blank"				"=========================="
"blank"				" Alien hotkeys"
"blank"				"=========================="
"impulse 90"			"Build resource tower"
"impulse 91"			"Build offensive chamber"
"impulse 92"			"Build defense chamber"
"impulse 93"			"Build sensory chamber"
"impulse 94"			"Build movement chamber"
"impulse 95"			"Build hive"
"impulse 113"			"Morph to Skulk"
"impulse 114"			"Morph to Gorge"
"impulse 115"			"Morph to Lerk"
"impulse 116"			"Morph to Fade"
"impulse 117"			"Morph to Onos"
"impulse 101"			"Evolve Carapace"
"impulse 102"			"Evolve Regeneration"
"impulse 103"			"Evolve Redemption"
"impulse 107"			"Evolve Celerity"
"impulse 108"			"Evolve Adrenaline"
"impulse 109"			"Evolve Silence"
"impulse 110"			"Evolve Cloaking"
"impulse 111"			"Evolve Pheromones"
"impulse 112"			"Evolve Scent of Fear"
"blank"				"=========================="
"blank"				" Miscellaneous"
"blank"				"=========================="
"jointeamone"			"Join Marines"
"jointeamtwo"			"Join Aliens"
"autoassign"			"Auto Assign"
"readyroom"				"Readyroom"
"impulse 201"			"Spray logo"
"snapshot"				"Take screen shot"
"pause"					"Pause game"
"quit"					"Quit game"