  "blank"				"=========================="
"blank"				" Movement"
"blank"				"=========================="
"+forward"			"Move forward"
"+back"				"Move backward"
"+moveleft"			"Move left (strafe)"
"+moveright"			"Move right (strafe)"
"+left"				"Turn left (optional)"
"+right"			"Turn right (optional)"
"+jump"				"Jump"
"+duck"				"Duck"
"+speed"			"Walk"
"toggleduck"			"Toggled duck"
"+moveup"			"Swim up"
"+movedown"			"Swim down"
"+strafe"			"Strafe modifier (optional)"
"blank"				"=========================="
"blank"				" Weapons and items"
"blank"				"=========================="
"+attack"			"Attack (important)"
"+use"				"Use/build"
"+movement"			"Reload/Alien movement"
"impulse 100"			"Flashlight"
"+showmap"			"Show map"
"+showscores"			"Display multiplayer scores"
"slot1"				"Weapon category 1"
"slot2"				"Weapon category 2"
"slot3" 			"Weapon category 3"
"slot4"				"Weapon category 4"
"slot5"				"Weapon category 5"
"invprev"			"Previous weapon"
"impulse 1"			"Next weapon"
"impulse 3"			"Drop weapon"
"lastinv"			"Last used weapon"
"blank"				"=========================="
"blank"				" Communication"
"blank"				"=========================="
"+popupmenu"			"Popup menu (important)"
"+voicerecord"			"Use voice communication"
"messagemode"			"Chat message"
"messagemode2"			"Team message"
"blank"				"=========================="
"blank"				" Shared hotkeys (Also available via Popup menu)"
"blank"				"=========================="
"impulse 9"			"Taunt/Chuckle"
"impulse 7"			"Follow me"
"impulse 8"			"I'm covering you"
"impulse 14"			"Weld/Heal me"
"blank"				"=========================="
"blank"				" Marine hotkeys (Also available via Popup menu)"
"blank"				"=========================="
"impulse 80"			"Request orders"
"impulse 81"			"Acknowledge orders"
"impulse 10"			"Need health"
"impulse 11"			"Need ammo"
"blank"				"=========================="
"blank"				" Commander hotkeys (Also available via HUD)"
"blank"				"=========================="
"impulse 105"			"Select all soldiers"
"impulse 123"			"Go to order request"
"impulse 124"			"Go to ammo request"
"impulse 125"			"Go to health request"
"blank"				"=========================="
"blank"				" Alien hotkeys (Also available via Popup menu)"
"blank"				"=========================="
"impulse 90"			"Build resource tower"
"impulse 91"			"Build offense chamber"
"impulse 92"			"Build defense chamber"
"impulse 93"			"Build sensory chamber"
"impulse 94"			"Build movement chamber"
"impulse 95"			"Build hive"
"impulse 113"			"Evolve to Skulk"
"impulse 114"			"Evolve to Gorge"
"impulse 115"			"Evolve to Lerk"
"impulse 116"			"Evolve to Fade"
"impulse 117"			"Evolve to Onos"
"impulse 101"			"Carapace upgrade"
"impulse 102"			"Regeneration upgrade"
"impulse 103"			"Redemption upgrade"
"impulse 107"			"Celerity upgrade"
"impulse 108"			"Adrenaline upgrade"
"impulse 109"			"Silence upgrade"
"impulse 110"			"Cloaking upgrade"
"impulse 111"			"Focus upgrade"
"impulse 112"			"Scent of Fear upgrade"
"blank"				"=========================="
"blank"				" Miscellaneous"
"blank"				"=========================="
"jointeamone"			"Join Marines"
"jointeamtwo"			"Join Aliens"
"autoassign"			"Auto Assign"
"readyroom"			"Readyroom"
"impulse 201"			"Spray logo"
"snapshot"			"Take screen shot"
"pause"				"Pause game"
"quit"				"Quit game"
